{"texture_size":[64,64],"textures":{"0":"animotion:robit/0"},"elements":[{"from":[3.5,14.0,5.0],"to":[12.5,24.0,11.0],"rotation":{"angle":0.0,"axis":"y","origin":[7.5,8.0,8.0]},"faces":{"north":{"uv":[0.0,0.0,2.25,2.5],"texture":"#0"},"east":{"uv":[0.0,2.5,1.5,5.0],"texture":"#0"},"south":{"uv":[2.25,0.0,4.5,2.5],"texture":"#0"},"west":{"uv":[1.5,2.5,3.0,5.0],"texture":"#0"},"up":{"uv":[5.25,4.0,3.0,2.5],"texture":"#0"},"down":{"uv":[5.25,4.0,3.0,5.5],"texture":"#0"}}},{"from":[7.5,24.0,7.5],"to":[8.5,25.0,8.5],"rotation":{"angle":0.0,"axis":"y","origin":[7.5,8.0,7.5]},"faces":{"north":{"uv":[7.75,4.75,8.0,5.0],"texture":"#0"},"east":{"uv":[7.75,5.0,8.0,5.25],"texture":"#0"},"south":{"uv":[7.75,5.25,8.0,5.5],"texture":"#0"},"west":{"uv":[7.75,5.5,8.0,5.75],"texture":"#0"},"up":{"uv":[6.0,8.0,5.75,7.75],"texture":"#0"},"down":{"uv":[8.0,5.75,7.75,6.0],"texture":"#0"}}},{"from":[4.5,24.25,4.5],"to":[11.5,31.25,11.5],"rotation":{"angle":0.0,"axis":"y","origin":[7.5,8.0,7.5]},"faces":{"north":{"uv":[4.5,0.0,6.25,1.75],"texture":"#0"},"east":{"uv":[0.0,5.0,1.75,6.75],"texture":"#0"},"south":{"uv":[0.0,5.0,1.75,6.75],"texture":"#0"},"west":{"uv":[5.25,3.5,7.0,5.25],"texture":"#0"},"up":{"uv":[7.0,7.0,5.25,5.25],"texture":"#0"},"down":{"uv":[3.5,5.5,1.75,7.25],"texture":"#0"}}},{"from":[6.0,27.75,4.0],"to":[7.0,28.75,5.0],"rotation":{"angle":0.0,"axis":"y","origin":[7.0,8.5,7.0]},"faces":{"north":{"uv":[7.75,7.75,8.0,8.0],"texture":"#0"},"east":{"uv":[8.0,0.0,8.25,0.25],"texture":"#0"},"south":{"uv":[8.0,0.25,8.25,0.5],"texture":"#0"},"west":{"uv":[8.0,0.5,8.25,0.75],"texture":"#0"},"up":{"uv":[8.25,1.0,8.0,0.75],"texture":"#0"},"down":{"uv":[1.5,8.0,1.25,8.25],"texture":"#0"}}},{"from":[9.0,27.75,4.0],"to":[10.0,28.75,5.0],"rotation":{"angle":0.0,"axis":"y","origin":[9.0,8.5,7.0]},"faces":{"north":{"uv":[8.0,7.75,7.75,8.0],"texture":"#0"},"east":{"uv":[8.25,0.5,8.0,0.75],"texture":"#0"},"south":{"uv":[8.25,0.25,8.0,0.5],"texture":"#0"},"west":{"uv":[8.25,0.0,8.0,0.25],"texture":"#0"},"up":{"uv":[8.0,1.0,8.25,0.75],"texture":"#0"},"down":{"uv":[1.25,8.0,1.5,8.25],"texture":"#0"}}},{"from":[6.5,30.75,6.5],"to":[9.5,31.75,9.5],"rotation":{"angle":0.0,"axis":"y","origin":[7.5,8.5,7.5]},"faces":{"north":{"uv":[6.25,1.5,7.0,1.75],"texture":"#0"},"east":{"uv":[7.5,1.0,8.25,1.25],"texture":"#0"},"south":{"uv":[7.5,1.25,8.25,1.5],"texture":"#0"},"west":{"uv":[7.5,6.5,8.25,6.75],"texture":"#0"},"up":{"uv":[7.75,4.5,7.0,3.75],"texture":"#0"},"down":{"uv":[7.75,4.5,7.0,5.25],"texture":"#0"}}},{"from":[3.5,26.25,6.5],"to":[4.5,29.25,9.5],"rotation":{"angle":45.0,"axis":"x","origin":[4.0,27.75,8.0]},"faces":{"north":{"uv":[5.0,7.5,5.25,8.25],"texture":"#0"},"east":{"uv":[4.5,1.75,5.25,2.5],"texture":"#0"},"south":{"uv":[5.25,7.5,5.5,8.25],"texture":"#0"},"west":{"uv":[7.0,1.5,7.75,2.25],"texture":"#0"},"up":{"uv":[5.75,8.25,5.5,7.5],"texture":"#0"},"down":{"uv":[7.75,5.75,7.5,6.5],"texture":"#0"}}},{"from":[3.0,26.75,7.0],"to":[4.0,28.75,9.0],"rotation":{"angle":0.0,"axis":"y","origin":[3.5,27.25,7.5]},"faces":{"north":{"uv":[7.75,3.0,8.0,3.5],"texture":"#0"},"east":{"uv":[3.0,7.25,3.5,7.75],"texture":"#0"},"south":{"uv":[3.25,7.75,3.5,8.25],"texture":"#0"},"west":{"uv":[7.0,7.25,7.5,7.75],"texture":"#0"},"up":{"uv":[8.0,4.0,7.75,3.5],"texture":"#0"},"down":{"uv":[8.0,4.0,7.75,4.5],"texture":"#0"}}},{"from":[11.5,26.25,6.5],"to":[12.5,29.25,9.5],"rotation":{"angle":45.0,"axis":"x","origin":[12.0,27.75,8.0]},"faces":{"north":{"uv":[5.25,7.5,5.0,8.25],"texture":"#0"},"east":{"uv":[7.75,1.5,7.0,2.25],"texture":"#0"},"south":{"uv":[5.5,7.5,5.25,8.25],"texture":"#0"},"west":{"uv":[5.25,1.75,4.5,2.5],"texture":"#0"},"up":{"uv":[5.5,8.25,5.75,7.5],"texture":"#0"},"down":{"uv":[7.5,5.75,7.75,6.5],"texture":"#0"}}},{"from":[12.0,26.75,7.0],"to":[13.0,28.75,9.0],"rotation":{"angle":0.0,"axis":"y","origin":[12.5,27.25,7.5]},"faces":{"north":{"uv":[8.0,3.0,7.75,3.5],"texture":"#0"},"east":{"uv":[7.5,7.25,7.0,7.75],"texture":"#0"},"south":{"uv":[3.5,7.75,3.25,8.25],"texture":"#0"},"west":{"uv":[3.5,7.25,3.0,7.75],"texture":"#0"},"up":{"uv":[7.75,4.0,8.0,3.5],"texture":"#0"},"down":{"uv":[7.75,4.0,8.0,4.5],"texture":"#0"}}}]}